// Jest Snapshot v1, https://goo.gl/fbAQLP

exports[`HomePage to match snapshot 1`] = `
<div>
  <div
    class="flex flex-col h-screen"
  >
    <nav
      class="border-b shadow"
    >
      <div
        class="container mx-auto px-8 py-4"
      >
        <h1
          class="uppercase font-bold"
        >
          Weather
        </h1>
      </div>
    </nav>
    <main
      class="grow overflow-hidden"
    >
      <div
        class="h-full overflow-auto"
      >
        <div
          class="container mx-auto p-8"
        >
          <div
            class="flex flex-col gap-4"
          >
            <div
              class="flex flex-col gap-4"
            >
              <h2
                class="text-md font-medium"
              >
                Vietnam
                 (
                3
                )
              </h2>
              <div
                class="grid grid-cols-1 md:grid-cols-2 lg:grid-cols-3 gap-4 md:gap-8"
              >
                <div
                  class="chakra-card css-2dlz7"
                >
                  <div
                    class="chakra-card__body css-0"
                  >
                    <div
                      class="flex justify-center items-center"
                    >
                      fetch is not defined
                    </div>
                  </div>
                </div>
                <div
                  class="chakra-card css-2dlz7"
                >
                  <div
                    class="chakra-card__body css-0"
                  >
                    <div
                      class="flex justify-center items-center"
                    >
                      fetch is not defined
                    </div>
                  </div>
                </div>
                <div
                  class="chakra-card css-2dlz7"
                >
                  <div
                    class="chakra-card__body css-0"
                  >
                    <div
                      class="flex justify-center items-center"
                    >
                      fetch is not defined
                    </div>
                  </div>
                </div>
              </div>
              <hr
                aria-orientation="horizontal"
                class="chakra-divider css-1upb9tn"
              />
            </div>
            <div
              class="flex flex-col gap-4"
            >
              <h2
                class="text-md font-medium"
              >
                United States
                 (
                3
                )
              </h2>
              <div
                class="grid grid-cols-1 md:grid-cols-2 lg:grid-cols-3 gap-4 md:gap-8"
              >
                <div
                  class="chakra-card css-2dlz7"
                >
                  <div
                    class="chakra-card__body css-0"
                  >
                    <div
                      class="flex justify-center items-center"
                    >
                      fetch is not defined
                    </div>
                  </div>
                </div>
                <div
                  class="chakra-card css-2dlz7"
                >
                  <div
                    class="chakra-card__body css-0"
                  >
                    <div
                      class="flex justify-center items-center"
                    >
                      fetch is not defined
                    </div>
                  </div>
                </div>
                <div
                  class="chakra-card css-2dlz7"
                >
                  <div
                    class="chakra-card__body css-0"
                  >
                    <div
                      class="flex justify-center items-center"
                    >
                      fetch is not defined
                    </div>
                  </div>
                </div>
              </div>
              <hr
                aria-orientation="horizontal"
                class="chakra-divider css-1upb9tn"
              />
            </div>
            <div
              class="flex flex-col gap-4"
            >
              <h2
                class="text-md font-medium"
              >
                Australia
                 (
                3
                )
              </h2>
              <div
                class="grid grid-cols-1 md:grid-cols-2 lg:grid-cols-3 gap-4 md:gap-8"
              >
                <div
                  class="chakra-card css-2dlz7"
                >
                  <div
                    class="chakra-card__body css-0"
                  >
                    <div
                      class="flex justify-center items-center"
                    >
                      fetch is not defined
                    </div>
                  </div>
                </div>
                <div
                  class="chakra-card css-2dlz7"
                >
                  <div
                    class="chakra-card__body css-0"
                  >
                    <div
                      class="flex justify-center items-center"
                    >
                      fetch is not defined
                    </div>
                  </div>
                </div>
                <div
                  class="chakra-card css-2dlz7"
                >
                  <div
                    class="chakra-card__body css-0"
                  >
                    <div
                      class="flex justify-center items-center"
                    >
                      fetch is not defined
                    </div>
                  </div>
                </div>
              </div>
              <hr
                aria-orientation="horizontal"
                class="chakra-divider css-1upb9tn"
              />
            </div>
            <div
              class="flex flex-col gap-4"
            >
              <h2
                class="text-md font-medium"
              >
                England
                 (
                3
                )
              </h2>
              <div
                class="grid grid-cols-1 md:grid-cols-2 lg:grid-cols-3 gap-4 md:gap-8"
              >
                <div
                  class="chakra-card css-2dlz7"
                >
                  <div
                    class="chakra-card__body css-0"
                  >
                    <div
                      class="flex justify-center items-center"
                    >
                      fetch is not defined
                    </div>
                  </div>
                </div>
                <div
                  class="chakra-card css-2dlz7"
                >
                  <div
                    class="chakra-card__body css-0"
                  >
                    <div
                      class="flex justify-center items-center"
                    >
                      fetch is not defined
                    </div>
                  </div>
                </div>
                <div
                  class="chakra-card css-2dlz7"
                >
                  <div
                    class="chakra-card__body css-0"
                  >
                    <div
                      class="flex justify-center items-center"
                    >
                      fetch is not defined
                    </div>
                  </div>
                </div>
              </div>
              <hr
                aria-orientation="horizontal"
                class="chakra-divider css-1upb9tn"
              />
            </div>
            <div
              class="flex flex-col gap-4"
            >
              <h2
                class="text-md font-medium"
              >
                Singapore
                 (
                1
                )
              </h2>
              <div
                class="grid grid-cols-1 md:grid-cols-2 lg:grid-cols-3 gap-4 md:gap-8"
              >
                <div
                  class="chakra-card css-2dlz7"
                >
                  <div
                    class="chakra-card__body css-0"
                  >
                    <div
                      class="flex justify-center items-center"
                    >
                      fetch is not defined
                    </div>
                  </div>
                </div>
              </div>
              <hr
                aria-orientation="horizontal"
                class="chakra-divider css-1upb9tn"
              />
            </div>
            <div
              class="flex flex-col gap-4"
            >
              <h2
                class="text-md font-medium"
              >
                South Korea
                 (
                1
                )
              </h2>
              <div
                class="grid grid-cols-1 md:grid-cols-2 lg:grid-cols-3 gap-4 md:gap-8"
              >
                <div
                  class="chakra-card css-2dlz7"
                >
                  <div
                    class="chakra-card__body css-0"
                  >
                    <div
                      class="flex justify-center items-center"
                    >
                      fetch is not defined
                    </div>
                  </div>
                </div>
              </div>
              <hr
                aria-orientation="horizontal"
                class="chakra-divider css-1upb9tn"
              />
            </div>
          </div>
        </div>
      </div>
    </main>
    <footer
      class="border-t shadow"
    >
      <div
        class="container mx-auto px-8 py-4"
      >
        <p
          class="uppercase"
        >
          © 
          2023
           Weather
        </p>
      </div>
    </footer>
  </div>
</div>
`;
