// Jest Snapshot v1, https://goo.gl/fbAQLP

exports[`Navbar to match snapshot 1`] = `
<div>
  <nav
    class="border-b"
  >
    <div
      class="container mx-auto"
    >
      <div
        class="px-8 py-4"
      >
        <div
          class="flex items-center gap-4 md:gap-8"
        >
          <div
            class="grow"
          >
            <div
              class="flex items-center gap-4"
            >
              <div
                class="block md:hidden"
              >
                <a
                  class="uppercase font-semibold"
                  href="/"
                >
                  PRIME
                </a>
              </div>
            </div>
          </div>
          <div
            class="flex items-center gap-4"
          >
            <div
              class="block md:hidden"
            >
              <button
                class="chakra-button css-4xx2wk"
                type="button"
              >
                <svg
                  class="chakra-icon css-onkibi"
                  focusable="false"
                  viewBox="0 0 24 24"
                >
                  <path
                    d="M 3 5 A 1.0001 1.0001 0 1 0 3 7 L 21 7 A 1.0001 1.0001 0 1 0 21 5 L 3 5 z M 3 11 A 1.0001 1.0001 0 1 0 3 13 L 21 13 A 1.0001 1.0001 0 1 0 21 11 L 3 11 z M 3 17 A 1.0001 1.0001 0 1 0 3 19 L 21 19 A 1.0001 1.0001 0 1 0 21 17 L 3 17 z"
                    fill="currentColor"
                  />
                </svg>
              </button>
            </div>
            <a
              href="/api/auth/login"
            >
              <button
                class="chakra-button flex items-center gap-x-2 css-4xx2wk"
                type="button"
              >
                <svg
                  class="chakra-icon css-13otjrl"
                  fill="currentColor"
                  focusable="false"
                  height="1em"
                  stroke="currentColor"
                  stroke-width="0"
                  viewBox="0 0 512 512"
                  width="1em"
                  xmlns="http://www.w3.org/2000/svg"
                >
                  <path
                    d="M416 448h-84c-6.6 0-12-5.4-12-12v-40c0-6.6 5.4-12 12-12h84c17.7 0 32-14.3 32-32V160c0-17.7-14.3-32-32-32h-84c-6.6 0-12-5.4-12-12V76c0-6.6 5.4-12 12-12h84c53 0 96 43 96 96v192c0 53-43 96-96 96zm-47-201L201 79c-15-15-41-4.5-41 17v96H24c-13.3 0-24 10.7-24 24v96c0 13.3 10.7 24 24 24h136v96c0 21.5 26 32 41 17l168-168c9.3-9.4 9.3-24.6 0-34z"
                  />
                </svg>
                <p
                  class="chakra-text hidden md:block css-0"
                >
                  Sign In
                </p>
              </button>
            </a>
          </div>
        </div>
      </div>
    </div>
  </nav>
</div>
`;
